// Jest Snapshot v1, https://goo.gl/fbAQLP

exports[`creates message factory 1`] = `
Array [
  Object {
    "text": "😀",
    "type": "text",
  },
  Object {
    "text": "😃",
    "type": "text",
  },
  Object {
    "text": "😄",
    "type": "text",
  },
  Object {
    "text": "😁",
    "type": "text",
  },
  Object {
    "text": "😆",
    "type": "text",
  },
  Object {
    "text": "😂",
    "type": "text",
  },
  Object {
    "text": "🤣",
    "type": "text",
  },
  Object {
    "text": "KKKK",
    "type": "text",
  },
  Object {
    "text": "haha",
    "type": "text",
  },
  Object {
    "text": "rsrs",
    "type": "text",
  },
  Object {
    "text": "jajaja",
    "type": "text",
  },
  Object {
    "text": "lol",
    "type": "text",
  },
  Object {
    "text": "lmfao",
    "type": "text",
  },
  Object {
    "text": "lmfout",
    "type": "text",
  },
  Object {
    "text": "asdjiasjdihaus",
    "type": "text",
  },
]
`;
